>>> start_chrome()
<selenium.webdriver.chrome.webdriver.WebDriver (session="4eae0622cceb238df8339a34a1a18a66")>
>>> go_to("file:///D:/inse/Bake-Away/public/login.html")
>>> click("Login/Register")
LookupError
>>> write("Username", into("Enter Username"));
>>>>write("password", into("Enter Password"));
>>>>write("123password", into("Renter Password"));
>>>>click("Log In");
>>> kill_browser()
